// Jest Snapshot v1, https://goo.gl/fbAQLP

exports[`<GithubSearch> Component renders without crashing 1`] = `
Object {
  "asFragment": [Function],
  "baseElement": <body>
    <div>
      <main>
        <div>
          <label
            for="apiKey"
          >
            If you would like to use your own API key, please enter it here 
          </label>
          <input
            class="generic-input"
            id="apiKey"
            type="text"
            value=""
          />
        </div>
        <div>
          <label
            for="searchInput"
          >
            Search for a user: 
          </label>
          <input
            class="generic-input"
            id="searchInput"
            type="text"
            value=""
          />
        </div>
      </main>
    </div>
  </body>,
  "container": <div>
    <main>
      <div>
        <label
          for="apiKey"
        >
          If you would like to use your own API key, please enter it here 
        </label>
        <input
          class="generic-input"
          id="apiKey"
          type="text"
          value=""
        />
      </div>
      <div>
        <label
          for="searchInput"
        >
          Search for a user: 
        </label>
        <input
          class="generic-input"
          id="searchInput"
          type="text"
          value=""
        />
      </div>
    </main>
  </div>,
  "debug": [Function],
  "findAllByAltText": [Function],
  "findAllByDisplayValue": [Function],
  "findAllByLabelText": [Function],
  "findAllByPlaceholderText": [Function],
  "findAllByRole": [Function],
  "findAllByTestId": [Function],
  "findAllByText": [Function],
  "findAllByTitle": [Function],
  "findByAltText": [Function],
  "findByDisplayValue": [Function],
  "findByLabelText": [Function],
  "findByPlaceholderText": [Function],
  "findByRole": [Function],
  "findByTestId": [Function],
  "findByText": [Function],
  "findByTitle": [Function],
  "getAllByAltText": [Function],
  "getAllByDisplayValue": [Function],
  "getAllByLabelText": [Function],
  "getAllByPlaceholderText": [Function],
  "getAllByRole": [Function],
  "getAllByTestId": [Function],
  "getAllByText": [Function],
  "getAllByTitle": [Function],
  "getByAltText": [Function],
  "getByDisplayValue": [Function],
  "getByLabelText": [Function],
  "getByPlaceholderText": [Function],
  "getByRole": [Function],
  "getByTestId": [Function],
  "getByText": [Function],
  "getByTitle": [Function],
  "queryAllByAltText": [Function],
  "queryAllByDisplayValue": [Function],
  "queryAllByLabelText": [Function],
  "queryAllByPlaceholderText": [Function],
  "queryAllByRole": [Function],
  "queryAllByTestId": [Function],
  "queryAllByText": [Function],
  "queryAllByTitle": [Function],
  "queryByAltText": [Function],
  "queryByDisplayValue": [Function],
  "queryByLabelText": [Function],
  "queryByPlaceholderText": [Function],
  "queryByRole": [Function],
  "queryByTestId": [Function],
  "queryByText": [Function],
  "queryByTitle": [Function],
  "rerender": [Function],
  "unmount": [Function],
}
`;
