// Jest Snapshot v1, https://goo.gl/fbAQLP

exports[`matches snapshot 1`] = `
<input
  aria-label="cost-input"
  class="generic-input"
  type="text"
/>
`;
