// Jest Snapshot v1, https://goo.gl/fbAQLP

exports[`matches snapshot 1`] = `
<input
  class="generic-input"
  type="text"
  value=""
/>
`;
